// Jest Snapshot v1, https://goo.gl/fbAQLP

exports[`App Component shows intial information when firt loaded 1`] = `
<div
  className="vh-100 bg-primary"
>
  <div
    className="w-100 vh-15"
  >
    <p
      className="tc f1 b secondary mv0 pt4 "
    >
      Wheel of Fate
    </p>
    <div
      className="f2 secondary tc pa2"
    >
      13:04:28
    </div>
  </div>
  <div
    className="vh-60"
  >
    <div
      className="flex vh-50 secondary"
    >
      <div
        className="w-100 flex justify-center items-center"
      >
        <div
          className="w-50 tc bg-secondary-50 primary pa2 b pointer m-auto br3 dim"
          onClick={[Function]}
        >
          Generate Today's Shift
          <div
            className="f7"
          >
             please click here to generate the shifts for today 
          </div>
        </div>
      </div>
    </div>
  </div>
  <div
    className="w-100 vh-25 secondary"
  >
    <div
      className="dn flex-ns justify-around-ns flex-wrap-ns h-50-ns b"
    >
      <div
        className="flex flex-column flex-grow-1 bt b--secondary items-center justify-center"
      >
        <div>
          Sohil
        </div>
        <div>
           Shifts: 
          0
        </div>
      </div>
      <div
        className="flex flex-column flex-grow-1 bt b--secondary items-center justify-center"
      >
        <div>
          Alex
        </div>
        <div>
           Shifts: 
          0
        </div>
      </div>
      <div
        className="flex flex-column flex-grow-1 bt b--secondary items-center justify-center"
      >
        <div>
          Andrew
        </div>
        <div>
           Shifts: 
          0
        </div>
      </div>
      <div
        className="flex flex-column flex-grow-1 bt b--secondary items-center justify-center"
      >
        <div>
          Joe
        </div>
        <div>
           Shifts: 
          0
        </div>
      </div>
      <div
        className="flex flex-column flex-grow-1 bt b--secondary items-center justify-center"
      >
        <div>
          Rory
        </div>
        <div>
           Shifts: 
          0
        </div>
      </div>
      <div
        className="flex flex-column flex-grow-1 bt b--secondary items-center justify-center"
      >
        <div>
          Mavis
        </div>
        <div>
           Shifts: 
          0
        </div>
      </div>
      <div
        className="flex flex-column flex-grow-1 bt b--secondary items-center justify-center"
      >
        <div>
          June
        </div>
        <div>
           Shifts: 
          0
        </div>
      </div>
      <div
        className="flex flex-column flex-grow-1 bt b--secondary items-center justify-center"
      >
        <div>
          Dan
        </div>
        <div>
           Shifts: 
          0
        </div>
      </div>
      <div
        className="flex flex-column flex-grow-1 bt b--secondary items-center justify-center"
      >
        <div>
          Rose
        </div>
        <div>
           Shifts: 
          0
        </div>
      </div>
      <div
        className="flex flex-column flex-grow-1 bt b--secondary items-center justify-center"
      >
        <div>
          Cleo
        </div>
        <div>
           Shifts: 
          0
        </div>
      </div>
    </div>
    <div
      className="tc"
    >
      <p>
         Want to try and get through the whole 10 days of shifts without waiting 10 actual days! Click below to see it in action 😀
      </p>
      <div
        className="w-50 tc bg-secondary-50 primary pa2 b pointer m-auto br3 dim"
        onClick={[Function]}
      >
        Generate Next Shift
      </div>
    </div>
  </div>
</div>
`;
